I'm sorry, but errors were detected in your script. Please correct the
errors listed below, and try again.


File "game/script.rpy", line 2590: else clause expects a non-empty block.
    else:
         ^

Ren'Py Version: Ren'Py 8.2.1.24030407
Wed Aug  7 03:11:30 2024
